ubuntu@ip-10-1-11-31:~$ mysql -h udacity-replica.c0dopis40nbf.us-east-2.rds.amazonaws.com -u admin -p
Enter password:
Welcome to the MySQL monitor.  Commands end with ; or \g.
Your MySQL connection id is 30
Server version: 5.7.22 Source distribution

Copyright (c) 2000, 2020, Oracle and/or its affiliates. All rights reserved.

Oracle is a registered trademark of Oracle Corporation and/or its
affiliates. Other names may be trademarks of their respective
owners.

Type 'help;' or '\h' for help. Type '\c' to clear the current input statement.

mysql> show databases;
+--------------------+
| Database           |
+--------------------+
| information_schema |
| innodb             |
| mysql              |
| performance_schema |
| sys                |
| udacity            |
+--------------------+
6 rows in set (0.00 sec)
mysql> use udacity;
Reading table information for completion of table and column names
You can turn off this feature to get a quicker startup with -A

Database changed
mysql> show tables;
+-------------------+
| Tables_in_udacity |
+-------------------+
| table1            |
+-------------------+
1 row in set (0.00 sec)

mysql> select * from table1;
+--------+--------------+----------------+------+
| number | name         | city           | age  |
+--------+--------------+----------------+------+
|      1 | Udacity Test | Campina Grande | 15   |
+--------+--------------+----------------+------+
1 row in set (0.00 sec)


mysql> INSERT INTO table1 VALUES (2, 'Udacity Test Replica', 'Campina Grande', 21);
ERROR 1290 (HY000): The MySQL server is running with the --read-only option so it cannot execute this statement
mysql>
